Flow report for digital_clock
Wed Jan 05 13:20:27 2022
Quartus II Version 9.0 Build 132 02/25/2009 SJ Web Edition


---------------------
; Table of Contents ;
---------------------
  1. Legal Notice
  2. Flow Summary
  3. Flow Settings
  4. Flow Non-Default Global Settings
  5. Flow Elapsed Time
  6. Flow OS Summary
  7. Flow Log



----------------
; Legal Notice ;
----------------
Copyright (C) 1991-2009 Altera Corporation
Your use of Altera Corporation's design tools, logic functions 
and other software and tools, and its AMPP partner logic 
functions, and any output files from any of the foregoing 
(including device programming or simulation files), and any 
associated documentation or information are expressly subject 
to the terms and conditions of the Altera Program License 
Subscription Agreement, Altera MegaCore Function License 
Agreement, or other applicable license agreement, including, 
without limitation, that your use is for the sole purpose of 
programming logic devices manufactured by Altera and sold by 
Altera or its authorized distributors.  Please refer to the 
applicable agreement for further details.



+------------------------------------------------------------------------------+
; Flow Summary                                                                 ;
+------------------------------------+-----------------------------------------+
; Flow Status                        ; Successful - Wed Jan 05 13:20:27 2022   ;
; Quartus II Version                 ; 9.0 Build 132 02/25/2009 SJ Web Edition ;
; Revision Name                      ; digital_clock                           ;
; Top-level Entity Name              ; digital_clock                           ;
; Family                             ; Cyclone II                              ;
; Device                             ; EP2C8T144C8                             ;
; Timing Models                      ; Final                                   ;
; Met timing requirements            ; Yes                                     ;
; Total logic elements               ; 204 / 8,256 ( 2 % )                     ;
;     Total combinational functions  ; 204 / 8,256 ( 2 % )                     ;
;     Dedicated logic registers      ; 100 / 8,256 ( 1 % )                     ;
; Total registers                    ; 100                                     ;
; Total pins                         ; 25 / 85 ( 29 % )                        ;
; Total virtual pins                 ; 0                                       ;
; Total memory bits                  ; 0 / 165,888 ( 0 % )                     ;
; Embedded Multiplier 9-bit elements ; 0 / 36 ( 0 % )                          ;
; Total PLLs                         ; 0 / 2 ( 0 % )                           ;
+------------------------------------+-----------------------------------------+


+-----------------------------------------+
; Flow Settings                           ;
+-------------------+---------------------+
; Option            ; Setting             ;
+-------------------+---------------------+
; Start date & time ; 01/05/2022 13:20:16 ;
; Main task         ; Compilation         ;
; Revision Name     ; digital_clock       ;
+-------------------+---------------------+


+--------------------------------------------------------------------------------------------------------------------------------------------------------------------------------------------------------------------------+
; Flow Non-Default Global Settings                                                                                                                                                                                         ;
+------------------------------------+--------------------------------------------------------------------------------------------------------------------------------------+---------------+-------------+----------------+
; Assignment Name                    ; Value                                                                                                                                ; Default Value ; Entity Name ; Section Id     ;
+------------------------------------+--------------------------------------------------------------------------------------------------------------------------------------+---------------+-------------+----------------+
; COMPILER_SIGNATURE_ID              ; 273184157519591.164137621609556                                                                                                      ; --            ; --          ; --             ;
; IP_TOOL_NAME                       ; LPM_COUNTER                                                                                                                          ; --            ; --          ; --             ;
; IP_TOOL_NAME                       ; LPM_COUNTER                                                                                                                          ; --            ; --          ; --             ;
; IP_TOOL_NAME                       ; LPM_COUNTER                                                                                                                          ; --            ; --          ; --             ;
; IP_TOOL_NAME                       ; LPM_COUNTER                                                                                                                          ; --            ; --          ; --             ;
; IP_TOOL_NAME                       ; LPM_COMPARE                                                                                                                          ; --            ; --          ; --             ;
; IP_TOOL_NAME                       ; LPM_COMPARE                                                                                                                          ; --            ; --          ; --             ;
; IP_TOOL_NAME                       ; LPM_COMPARE                                                                                                                          ; --            ; --          ; --             ;
; IP_TOOL_NAME                       ; LPM_COMPARE                                                                                                                          ; --            ; --          ; --             ;
; IP_TOOL_NAME                       ; LPM_COUNTER                                                                                                                          ; --            ; --          ; --             ;
; IP_TOOL_NAME                       ; LPM_COUNTER                                                                                                                          ; --            ; --          ; --             ;
; IP_TOOL_NAME                       ; LPM_MUX                                                                                                                              ; --            ; --          ; --             ;
; IP_TOOL_NAME                       ; LPM_COUNTER                                                                                                                          ; --            ; --          ; --             ;
; IP_TOOL_VERSION                    ; 9.0                                                                                                                                  ; --            ; --          ; --             ;
; IP_TOOL_VERSION                    ; 9.0                                                                                                                                  ; --            ; --          ; --             ;
; IP_TOOL_VERSION                    ; 9.0                                                                                                                                  ; --            ; --          ; --             ;
; IP_TOOL_VERSION                    ; 9.0                                                                                                                                  ; --            ; --          ; --             ;
; IP_TOOL_VERSION                    ; 9.0                                                                                                                                  ; --            ; --          ; --             ;
; IP_TOOL_VERSION                    ; 9.0                                                                                                                                  ; --            ; --          ; --             ;
; IP_TOOL_VERSION                    ; 9.0                                                                                                                                  ; --            ; --          ; --             ;
; IP_TOOL_VERSION                    ; 9.0                                                                                                                                  ; --            ; --          ; --             ;
; IP_TOOL_VERSION                    ; 9.0                                                                                                                                  ; --            ; --          ; --             ;
; IP_TOOL_VERSION                    ; 9.0                                                                                                                                  ; --            ; --          ; --             ;
; IP_TOOL_VERSION                    ; 9.0                                                                                                                                  ; --            ; --          ; --             ;
; IP_TOOL_VERSION                    ; 9.0                                                                                                                                  ; --            ; --          ; --             ;
; MAX_CORE_JUNCTION_TEMP             ; 85                                                                                                                                   ; --            ; --          ; --             ;
; MIN_CORE_JUNCTION_TEMP             ; 0                                                                                                                                    ; --            ; --          ; --             ;
; MISC_FILE                          ; D:/Project/Quartus/digital_clock/digital_clock.dpf                                                                                   ; --            ; --          ; --             ;
; MISC_FILE                          ; E:/mhyr/university/term 5/01 - Az madar manteghi (Rashtchi)/tamrin/quartus/digital_clock/digital_clock.dpf                           ; --            ; --          ; --             ;
; MISC_FILE                          ; counter2.bsf                                                                                                                         ; --            ; --          ; --             ;
; MISC_FILE                          ; counter2.cmp                                                                                                                         ; --            ; --          ; --             ;
; MISC_FILE                          ; counte3.bsf                                                                                                                          ; --            ; --          ; --             ;
; MISC_FILE                          ; counte3.cmp                                                                                                                          ; --            ; --          ; --             ;
; MISC_FILE                          ; count.bsf                                                                                                                            ; --            ; --          ; --             ;
; MISC_FILE                          ; count.cmp                                                                                                                            ; --            ; --          ; --             ;
; MISC_FILE                          ; led_cnt24.bsf                                                                                                                        ; --            ; --          ; --             ;
; MISC_FILE                          ; led_cnt24.cmp                                                                                                                        ; --            ; --          ; --             ;
; MISC_FILE                          ; comp_min1.bsf                                                                                                                        ; --            ; --          ; --             ;
; MISC_FILE                          ; comp_min1.cmp                                                                                                                        ; --            ; --          ; --             ;
; MISC_FILE                          ; comp_min2.bsf                                                                                                                        ; --            ; --          ; --             ;
; MISC_FILE                          ; comp_min2.cmp                                                                                                                        ; --            ; --          ; --             ;
; MISC_FILE                          ; comp_h1.bsf                                                                                                                          ; --            ; --          ; --             ;
; MISC_FILE                          ; comp_h1.cmp                                                                                                                          ; --            ; --          ; --             ;
; MISC_FILE                          ; comp_h2.bsf                                                                                                                          ; --            ; --          ; --             ;
; MISC_FILE                          ; comp_h2.cmp                                                                                                                          ; --            ; --          ; --             ;
; MISC_FILE                          ; cnt_22.bsf                                                                                                                           ; --            ; --          ; --             ;
; MISC_FILE                          ; cnt_22.cmp                                                                                                                           ; --            ; --          ; --             ;
; MISC_FILE                          ; cnt_66.bsf                                                                                                                           ; --            ; --          ; --             ;
; MISC_FILE                          ; cnt_66.cmp                                                                                                                           ; --            ; --          ; --             ;
; MISC_FILE                          ; MUX4.bsf                                                                                                                             ; --            ; --          ; --             ;
; MISC_FILE                          ; MUX4.cmp                                                                                                                             ; --            ; --          ; --             ;
; MISC_FILE                          ; D:/Project/Quartus/digital_clock/digital_clock/digital_clock.dpf                                                                     ; --            ; --          ; --             ;
; MISC_FILE                          ; E:/mhyr/university/term 5/01 - Az madar manteghi (Rashtchi)/tamrin/quartus/digital_clock(with alarm)/digital_clock/digital_clock.dpf ; --            ; --          ; --             ;
; MISC_FILE                          ; set_count.bsf                                                                                                                        ; --            ; --          ; --             ;
; MISC_FILE                          ; set_count.cmp                                                                                                                        ; --            ; --          ; --             ;
; PARTITION_COLOR                    ; 16764057                                                                                                                             ; --            ; --          ; Top            ;
; PARTITION_NETLIST_TYPE             ; SOURCE                                                                                                                               ; --            ; --          ; Top            ;
; USE_GENERATED_PHYSICAL_CONSTRAINTS ; Off                                                                                                                                  ; --            ; --          ; eda_blast_fpga ;
+------------------------------------+--------------------------------------------------------------------------------------------------------------------------------------+---------------+-------------+----------------+


+-----------------------------------------------------------------------------------------------------------------------------+
; Flow Elapsed Time                                                                                                           ;
+-------------------------+--------------+-------------------------+---------------------+------------------------------------+
; Module Name             ; Elapsed Time ; Average Processors Used ; Peak Virtual Memory ; Total CPU Time (on all processors) ;
+-------------------------+--------------+-------------------------+---------------------+------------------------------------+
; Analysis & Synthesis    ; 00:00:05     ; 1.0                     ; 249 MB              ; 00:00:05                           ;
; Fitter                  ; 00:00:02     ; 1.0                     ; 235 MB              ; 00:00:02                           ;
; Assembler               ; 00:00:01     ; 1.0                     ; 208 MB              ; 00:00:02                           ;
; Classic Timing Analyzer ; 00:00:00     ; 1.0                     ; 163 MB              ; 00:00:00                           ;
; Total                   ; 00:00:08     ; --                      ; --                  ; 00:00:09                           ;
+-------------------------+--------------+-------------------------+---------------------+------------------------------------+


+------------------------------------------------------------------------------------------+
; Flow OS Summary                                                                          ;
+-------------------------+------------------+---------------+------------+----------------+
; Module Name             ; Machine Hostname ; OS Name       ; OS Version ; Processor type ;
+-------------------------+------------------+---------------+------------+----------------+
; Analysis & Synthesis    ; SINER            ; Windows Vista ; 6.2        ; x86_64         ;
; Fitter                  ; SINER            ; Windows Vista ; 6.2        ; x86_64         ;
; Assembler               ; SINER            ; Windows Vista ; 6.2        ; x86_64         ;
; Classic Timing Analyzer ; SINER            ; Windows Vista ; 6.2        ; x86_64         ;
+-------------------------+------------------+---------------+------------+----------------+


------------
; Flow Log ;
------------
quartus_map --read_settings_files=on --write_settings_files=off digital_clock -c digital_clock
quartus_fit --read_settings_files=off --write_settings_files=off digital_clock -c digital_clock
quartus_asm --read_settings_files=off --write_settings_files=off digital_clock -c digital_clock
quartus_tan --read_settings_files=off --write_settings_files=off digital_clock -c digital_clock --timing_analysis_only



